[2026-09-26T10:52:15.894+0000] {taskinstance.py:1956} INFO - Dependencies all met for dep_context=non-requeueable deps ti=<TaskInstance: tiki_end_to_end_pipeline.dbt_run_transform scheduled__2026-09-25T10:00:00+00:00 [queued]>
[2026-09-26T10:52:15.904+0000] {taskinstance.py:1956} INFO - Dependencies all met for dep_context=requeueable deps ti=<TaskInstance: tiki_end_to_end_pipeline.dbt_run_transform scheduled__2026-09-25T10:00:00+00:00 [queued]>
[2026-09-26T10:52:15.904+0000] {taskinstance.py:2170} INFO - Starting attempt 1 of 2
[2026-09-26T10:52:15.917+0000] {taskinstance.py:2191} INFO - Executing <Task(BashOperator): dbt_run_transform> on 2026-09-25 10:00:00+00:00
[2026-09-26T10:52:15.922+0000] {standard_task_runner.py:60} INFO - Started process 176 to run task
[2026-09-26T10:52:15.928+0000] {standard_task_runner.py:87} INFO - Running: ['***', 'tasks', 'run', 'tiki_end_to_end_pipeline', 'dbt_run_transform', 'scheduled__2026-09-25T10:00:00+00:00', '--job-id', '13', '--raw', '--subdir', 'DAGS_FOLDER/tiki_pipeline_dag.py', '--cfg-path', '/tmp/tmpa9rooqkj']
[2026-09-26T10:52:15.931+0000] {standard_task_runner.py:88} INFO - Job 13: Subtask dbt_run_transform
[2026-09-26T10:52:15.988+0000] {task_command.py:423} INFO - Running <TaskInstance: tiki_end_to_end_pipeline.dbt_run_transform scheduled__2026-09-25T10:00:00+00:00 [running]> on host ba64a5bd055d
[2026-09-26T10:52:16.061+0000] {taskinstance.py:2480} INFO - Exporting env vars: AIRFLOW_CTX_DAG_OWNER='data_engineer' AIRFLOW_CTX_DAG_ID='tiki_end_to_end_pipeline' AIRFLOW_CTX_TASK_ID='dbt_run_transform' AIRFLOW_CTX_EXECUTION_DATE='2026-09-25T10:00:00+00:00' AIRFLOW_CTX_TRY_NUMBER='1' AIRFLOW_CTX_DAG_RUN_ID='scheduled__2026-09-25T10:00:00+00:00'
[2026-09-26T10:52:16.062+0000] {subprocess.py:63} INFO - Tmp dir root location: /tmp
[2026-09-26T10:52:16.063+0000] {subprocess.py:75} INFO - Running command: ['/usr/bin/bash', '-c', 'cd /opt/***/transform && dbt run --profiles-dir .']
[2026-09-26T10:52:16.071+0000] {subprocess.py:86} INFO - Output:
[2026-09-26T10:52:19.619+0000] {subprocess.py:93} INFO - [0m10:52:19  Running with dbt=1.7.20
[2026-09-26T10:52:19.622+0000] {subprocess.py:93} INFO - [0m10:52:19  This version of dbt is deprecated and no longer receives regular patches, including for known bugs. We recommend upgrading to a newer supported version of dbt: https://docs.getdbt.com/docs/dbt-versions
[2026-09-26T10:52:20.385+0000] {subprocess.py:93} INFO - [0m10:52:20  Registered adapter: mysql=1.7.0
[2026-09-26T10:52:20.528+0000] {subprocess.py:93} INFO - [0m10:52:20  Found 2 models, 2 tests, 1 source, 0 exposures, 0 metrics, 375 macros, 0 groups, 0 semantic models
[2026-09-26T10:52:20.532+0000] {subprocess.py:93} INFO - [0m10:52:20
[2026-09-26T10:52:24.748+0000] {subprocess.py:93} INFO - [0m10:52:24  Concurrency: 1 threads (target='dev')
[2026-09-26T10:52:24.749+0000] {subprocess.py:93} INFO - [0m10:52:24
[2026-09-26T10:52:24.763+0000] {subprocess.py:93} INFO - [0m10:52:24  1 of 2 START sql view model ecommerce_db.stg_tiki_products ..................... [RUN]
[2026-09-26T10:52:28.404+0000] {subprocess.py:93} INFO - [0m10:52:28  1 of 2 OK created sql view model ecommerce_db.stg_tiki_products ................ [[32mSUCCESS 0[0m in 3.64s]
[2026-09-26T10:52:28.412+0000] {subprocess.py:93} INFO - [0m10:52:28  2 of 2 START sql table model ecommerce_db.fct_seller_summary ................... [RUN]
[2026-09-26T10:52:32.264+0000] {subprocess.py:93} INFO - [0m10:52:32  2 of 2 OK created sql table model ecommerce_db.fct_seller_summary .............. [[32mSUCCESS 1[0m in 3.85s]
[2026-09-26T10:52:33.753+0000] {subprocess.py:93} INFO - [0m10:52:33
[2026-09-26T10:52:33.754+0000] {subprocess.py:93} INFO - [0m10:52:33  Finished running 1 view model, 1 table model in 0 hours 0 minutes and 13.22 seconds (13.22s).
[2026-09-26T10:52:33.769+0000] {subprocess.py:93} INFO - [0m10:52:33
[2026-09-26T10:52:33.770+0000] {subprocess.py:93} INFO - [0m10:52:33  [32mCompleted successfully[0m
[2026-09-26T10:52:33.770+0000] {subprocess.py:93} INFO - [0m10:52:33
[2026-09-26T10:52:33.771+0000] {subprocess.py:93} INFO - [0m10:52:33  Done. PASS=2 WARN=0 ERROR=0 SKIP=0 TOTAL=2
[2026-09-26T10:52:35.234+0000] {subprocess.py:97} INFO - Command exited with return code 0
[2026-09-26T10:52:35.261+0000] {taskinstance.py:1138} INFO - Marking task as SUCCESS. dag_id=tiki_end_to_end_pipeline, task_id=dbt_run_transform, execution_date=20260925T100000, start_date=20260926T105215, end_date=20260926T105235
[2026-09-26T10:52:35.278+0000] {local_task_job_runner.py:234} INFO - Task exited with return code 0
[2026-09-26T10:52:35.304+0000] {taskinstance.py:3280} INFO - 1 downstream tasks scheduled from follow-on schedule check
