[2026-09-26T10:52:06.905+0000] {taskinstance.py:1956} INFO - Dependencies all met for dep_context=non-requeueable deps ti=<TaskInstance: tiki_end_to_end_pipeline.extract_tiki_data scheduled__2026-09-25T10:00:00+00:00 [queued]>
[2026-09-26T10:52:06.915+0000] {taskinstance.py:1956} INFO - Dependencies all met for dep_context=requeueable deps ti=<TaskInstance: tiki_end_to_end_pipeline.extract_tiki_data scheduled__2026-09-25T10:00:00+00:00 [queued]>
[2026-09-26T10:52:06.916+0000] {taskinstance.py:2170} INFO - Starting attempt 1 of 2
[2026-09-26T10:52:06.929+0000] {taskinstance.py:2191} INFO - Executing <Task(BashOperator): extract_tiki_data> on 2026-09-25 10:00:00+00:00
[2026-09-26T10:52:06.933+0000] {standard_task_runner.py:60} INFO - Started process 170 to run task
[2026-09-26T10:52:06.939+0000] {standard_task_runner.py:87} INFO - Running: ['***', 'tasks', 'run', 'tiki_end_to_end_pipeline', 'extract_tiki_data', 'scheduled__2026-09-25T10:00:00+00:00', '--job-id', '11', '--raw', '--subdir', 'DAGS_FOLDER/tiki_pipeline_dag.py', '--cfg-path', '/tmp/tmpp5p_oqx_']
[2026-09-26T10:52:06.947+0000] {standard_task_runner.py:88} INFO - Job 11: Subtask extract_tiki_data
[2026-09-26T10:52:07.045+0000] {task_command.py:423} INFO - Running <TaskInstance: tiki_end_to_end_pipeline.extract_tiki_data scheduled__2026-09-25T10:00:00+00:00 [running]> on host ba64a5bd055d
[2026-09-26T10:52:07.229+0000] {taskinstance.py:2480} INFO - Exporting env vars: AIRFLOW_CTX_DAG_OWNER='data_engineer' AIRFLOW_CTX_DAG_ID='tiki_end_to_end_pipeline' AIRFLOW_CTX_TASK_ID='extract_tiki_data' AIRFLOW_CTX_EXECUTION_DATE='2026-09-25T10:00:00+00:00' AIRFLOW_CTX_TRY_NUMBER='1' AIRFLOW_CTX_DAG_RUN_ID='scheduled__2026-09-25T10:00:00+00:00'
[2026-09-26T10:52:07.231+0000] {subprocess.py:63} INFO - Tmp dir root location: /tmp
[2026-09-26T10:52:07.232+0000] {subprocess.py:75} INFO - Running command: ['/usr/bin/bash', '-c', 'cd /opt/***/extract && python tiki.py']
[2026-09-26T10:52:07.242+0000] {subprocess.py:86} INFO - Output:
[2026-09-26T10:52:12.909+0000] {subprocess.py:93} INFO - Status Code: 200
[2026-09-26T10:52:12.910+0000] {subprocess.py:93} INFO - Lấy thành công 10 sản phẩm
[2026-09-26T10:52:12.912+0000] {subprocess.py:93} INFO - Sản phẩm đầu tiên: Điện Thoại Samsung Galaxy A07 5G 4GB/128GB - Hàng Chính Hãng - Giá: 4999000VND
[2026-09-26T10:52:12.913+0000] {subprocess.py:93} INFO - Bốc tách thành công 5 sản phẩm
[2026-09-26T10:52:12.913+0000] {subprocess.py:93} INFO - {'product_id': 279418598, 'name': 'Điện Thoại Samsung Galaxy A07 5G 4GB/128GB - Hàng Chính Hãng', 'price': 4999000, 'original_price': 5890000, 'discount_rate': 15, 'rating_average': 0, 'review_count': 0, 'seller_name': None, 'extracted_at': '2026-09-26T10:52:07.890893+00:00'}
[2026-09-26T10:52:12.914+0000] {subprocess.py:93} INFO - {'product_id': 279411794, 'name': 'Máy tính bảng Samsung Galaxy Tab A11 4G ( 4GB/64GB) - Hàng chính hãng', 'price': 4090000, 'original_price': 6990000, 'discount_rate': 41, 'rating_average': 0, 'review_count': 0, 'seller_name': None, 'extracted_at': '2026-09-26T10:52:07.890914+00:00'}
[2026-09-26T10:52:12.917+0000] {subprocess.py:93} INFO - {'product_id': 279411764, 'name': 'Máy Tính Bảng Samsung Galaxy Tab A11 WiFi (4GB/64GB) - Hàng chính hãng', 'price': 5990000, 'original_price': 5990000, 'discount_rate': 0, 'rating_average': 5, 'review_count': 3, 'seller_name': None, 'extracted_at': '2026-09-26T10:52:07.890917+00:00'}
[2026-09-26T10:52:12.918+0000] {subprocess.py:93} INFO - {'product_id': 279402741, 'name': 'Điện thoại Samsung Galaxy A07 5G (4GB/64GB) - Hàng chính hãng', 'price': 4690000, 'original_price': 4690000, 'discount_rate': 0, 'rating_average': 0, 'review_count': 0, 'seller_name': None, 'extracted_at': '2026-09-26T10:52:07.890919+00:00'}
[2026-09-26T10:52:12.919+0000] {subprocess.py:93} INFO - {'product_id': 279314906, 'name': 'Điện thoại Xiaomi Redmi Note 15 Pro 8GB/256GB - Hàng Chính Hãng', 'price': 6990000, 'original_price': 6990000, 'discount_rate': 0, 'rating_average': 0, 'review_count': 0, 'seller_name': None, 'extracted_at': '2026-09-26T10:52:07.890932+00:00'}
[2026-09-26T10:52:12.920+0000] {subprocess.py:93} INFO - Đang cào trang 1 / 3...
[2026-09-26T10:52:12.921+0000] {subprocess.py:93} INFO - Trang 1: lấy được 10 sản phẩm
[2026-09-26T10:52:12.921+0000] {subprocess.py:93} INFO - Đang cào trang 2 / 3...
[2026-09-26T10:52:12.922+0000] {subprocess.py:93} INFO - Trang 2: lấy được 10 sản phẩm
[2026-09-26T10:52:12.925+0000] {subprocess.py:93} INFO - Đang cào trang 3 / 3...
[2026-09-26T10:52:12.925+0000] {subprocess.py:93} INFO - Trang 3: lấy được 10 sản phẩm
[2026-09-26T10:52:12.926+0000] {subprocess.py:93} INFO - 
[2026-09-26T10:52:12.926+0000] {subprocess.py:93} INFO - Đã cào được 30 sản phẩm từ Tiki
[2026-09-26T10:52:12.926+0000] {subprocess.py:93} INFO - Đã lưu lịch sử vào: data/raw_product_20260926_105212.json
[2026-09-26T10:52:12.927+0000] {subprocess.py:93} INFO - Đã cập nhật bản mới nhất vào: data/raw_product.json
[2026-09-26T10:52:12.938+0000] {subprocess.py:97} INFO - Command exited with return code 0
[2026-09-26T10:52:12.964+0000] {taskinstance.py:1138} INFO - Marking task as SUCCESS. dag_id=tiki_end_to_end_pipeline, task_id=extract_tiki_data, execution_date=20260925T100000, start_date=20260926T105206, end_date=20260926T105212
[2026-09-26T10:52:12.999+0000] {local_task_job_runner.py:234} INFO - Task exited with return code 0
[2026-09-26T10:52:13.024+0000] {taskinstance.py:3280} INFO - 1 downstream tasks scheduled from follow-on schedule check
