[2026-09-26T06:53:51.521+0000] {taskinstance.py:1956} INFO - Dependencies all met for dep_context=non-requeueable deps ti=<TaskInstance: tiki_end_to_end_pipeline.extract_tiki_data manual__2026-09-26T06:51:50.211494+00:00 [queued]>
[2026-09-26T06:53:51.532+0000] {taskinstance.py:1956} INFO - Dependencies all met for dep_context=requeueable deps ti=<TaskInstance: tiki_end_to_end_pipeline.extract_tiki_data manual__2026-09-26T06:51:50.211494+00:00 [queued]>
[2026-09-26T06:53:51.532+0000] {taskinstance.py:2170} INFO - Starting attempt 2 of 2
[2026-09-26T06:53:51.545+0000] {taskinstance.py:2191} INFO - Executing <Task(BashOperator): extract_tiki_data> on 2026-09-26 06:51:50.211494+00:00
[2026-09-26T06:53:51.549+0000] {standard_task_runner.py:60} INFO - Started process 219 to run task
[2026-09-26T06:53:51.552+0000] {standard_task_runner.py:87} INFO - Running: ['***', 'tasks', 'run', 'tiki_end_to_end_pipeline', 'extract_tiki_data', 'manual__2026-09-26T06:51:50.211494+00:00', '--job-id', '5', '--raw', '--subdir', 'DAGS_FOLDER/tiki_pipeline_dag.py', '--cfg-path', '/tmp/tmpvzy6ov7x']
[2026-09-26T06:53:51.555+0000] {standard_task_runner.py:88} INFO - Job 5: Subtask extract_tiki_data
[2026-09-26T06:53:51.612+0000] {task_command.py:423} INFO - Running <TaskInstance: tiki_end_to_end_pipeline.extract_tiki_data manual__2026-09-26T06:51:50.211494+00:00 [running]> on host c8bd5fc7dd9e
[2026-09-26T06:53:51.694+0000] {taskinstance.py:2480} INFO - Exporting env vars: AIRFLOW_CTX_DAG_OWNER='data_engineer' AIRFLOW_CTX_DAG_ID='tiki_end_to_end_pipeline' AIRFLOW_CTX_TASK_ID='extract_tiki_data' AIRFLOW_CTX_EXECUTION_DATE='2026-09-26T06:51:50.211494+00:00' AIRFLOW_CTX_TRY_NUMBER='2' AIRFLOW_CTX_DAG_RUN_ID='manual__2026-09-26T06:51:50.211494+00:00'
[2026-09-26T06:53:51.696+0000] {subprocess.py:63} INFO - Tmp dir root location: /tmp
[2026-09-26T06:53:51.697+0000] {subprocess.py:75} INFO - Running command: ['/usr/bin/bash', '-c', 'cd /opt/***/extract && python tiki.py']
[2026-09-26T06:53:51.707+0000] {subprocess.py:86} INFO - Output:
[2026-09-26T06:53:51.734+0000] {subprocess.py:93} INFO - Traceback (most recent call last):
[2026-09-26T06:53:51.734+0000] {subprocess.py:93} INFO -   File "/opt/***/extract/tiki.py", line 1, in <module>
[2026-09-26T06:53:51.735+0000] {subprocess.py:93} INFO -     from enum import EnumDict
[2026-09-26T06:53:51.735+0000] {subprocess.py:93} INFO - ImportError: cannot import name 'EnumDict' from 'enum' (/usr/local/lib/python3.11/enum.py)
[2026-09-26T06:53:51.738+0000] {subprocess.py:97} INFO - Command exited with return code 1
[2026-09-26T06:53:51.750+0000] {taskinstance.py:2698} ERROR - Task failed with exception
Traceback (most recent call last):
  File "/home/airflow/.local/lib/python3.11/site-packages/airflow/models/taskinstance.py", line 433, in _execute_task
    result = execute_callable(context=context, **execute_callable_kwargs)
             ^^^^^^^^^^^^^^^^^^^^^^^^^^^^^^^^^^^^^^^^^^^^^^^^^^^^^^^^^^^^
  File "/home/airflow/.local/lib/python3.11/site-packages/airflow/operators/bash.py", line 212, in execute
    raise AirflowException(
airflow.exceptions.AirflowException: Bash command failed. The command returned a non-zero exit code 1.
[2026-09-26T06:53:51.756+0000] {taskinstance.py:1138} INFO - Marking task as FAILED. dag_id=tiki_end_to_end_pipeline, task_id=extract_tiki_data, execution_date=20260926T065150, start_date=20260926T065351, end_date=20260926T065351
[2026-09-26T06:53:51.771+0000] {standard_task_runner.py:107} ERROR - Failed to execute job 5 for task extract_tiki_data (Bash command failed. The command returned a non-zero exit code 1.; 219)
[2026-09-26T06:53:51.816+0000] {local_task_job_runner.py:234} INFO - Task exited with return code 1
[2026-09-26T06:53:51.848+0000] {taskinstance.py:3280} INFO - 0 downstream tasks scheduled from follow-on schedule check
