[2026-09-26T06:58:07.446+0000] {taskinstance.py:1956} INFO - Dependencies all met for dep_context=non-requeueable deps ti=<TaskInstance: tiki_end_to_end_pipeline.dbt_run_transform manual__2026-09-26T06:57:56.007728+00:00 [queued]>
[2026-09-26T06:58:07.456+0000] {taskinstance.py:1956} INFO - Dependencies all met for dep_context=requeueable deps ti=<TaskInstance: tiki_end_to_end_pipeline.dbt_run_transform manual__2026-09-26T06:57:56.007728+00:00 [queued]>
[2026-09-26T06:58:07.456+0000] {taskinstance.py:2170} INFO - Starting attempt 1 of 2
[2026-09-26T06:58:07.471+0000] {taskinstance.py:2191} INFO - Executing <Task(BashOperator): dbt_run_transform> on 2026-09-26 06:57:56.007728+00:00
[2026-09-26T06:58:07.477+0000] {standard_task_runner.py:60} INFO - Started process 268 to run task
[2026-09-26T06:58:07.481+0000] {standard_task_runner.py:87} INFO - Running: ['***', 'tasks', 'run', 'tiki_end_to_end_pipeline', 'dbt_run_transform', 'manual__2026-09-26T06:57:56.007728+00:00', '--job-id', '8', '--raw', '--subdir', 'DAGS_FOLDER/tiki_pipeline_dag.py', '--cfg-path', '/tmp/tmplxcjw_38']
[2026-09-26T06:58:07.487+0000] {standard_task_runner.py:88} INFO - Job 8: Subtask dbt_run_transform
[2026-09-26T06:58:07.559+0000] {task_command.py:423} INFO - Running <TaskInstance: tiki_end_to_end_pipeline.dbt_run_transform manual__2026-09-26T06:57:56.007728+00:00 [running]> on host c8bd5fc7dd9e
[2026-09-26T06:58:07.653+0000] {taskinstance.py:2480} INFO - Exporting env vars: AIRFLOW_CTX_DAG_OWNER='data_engineer' AIRFLOW_CTX_DAG_ID='tiki_end_to_end_pipeline' AIRFLOW_CTX_TASK_ID='dbt_run_transform' AIRFLOW_CTX_EXECUTION_DATE='2026-09-26T06:57:56.007728+00:00' AIRFLOW_CTX_TRY_NUMBER='1' AIRFLOW_CTX_DAG_RUN_ID='manual__2026-09-26T06:57:56.007728+00:00'
[2026-09-26T06:58:07.654+0000] {subprocess.py:63} INFO - Tmp dir root location: /tmp
[2026-09-26T06:58:07.656+0000] {subprocess.py:75} INFO - Running command: ['/usr/bin/bash', '-c', 'cd /opt/***/transform && dbt run --profiles-dir .']
[2026-09-26T06:58:07.667+0000] {subprocess.py:86} INFO - Output:
[2026-09-26T06:58:11.288+0000] {subprocess.py:93} INFO - [0m06:58:11  Running with dbt=1.7.20
[2026-09-26T06:58:11.292+0000] {subprocess.py:93} INFO - [0m06:58:11  This version of dbt is deprecated and no longer receives regular patches, including for known bugs. We recommend upgrading to a newer supported version of dbt: https://docs.getdbt.com/docs/dbt-versions
[2026-09-26T06:58:12.075+0000] {subprocess.py:93} INFO - [0m06:58:12  Registered adapter: mysql=1.7.0
[2026-09-26T06:58:12.190+0000] {subprocess.py:93} INFO - [0m06:58:12  Found 2 models, 2 tests, 1 source, 0 exposures, 0 metrics, 375 macros, 0 groups, 0 semantic models
[2026-09-26T06:58:12.197+0000] {subprocess.py:93} INFO - [0m06:58:12
[2026-09-26T06:58:16.342+0000] {subprocess.py:93} INFO - [0m06:58:16  Concurrency: 1 threads (target='dev')
[2026-09-26T06:58:16.344+0000] {subprocess.py:93} INFO - [0m06:58:16
[2026-09-26T06:58:16.360+0000] {subprocess.py:93} INFO - [0m06:58:16  1 of 2 START sql view model ecommerce_db.stg_tiki_products ..................... [RUN]
[2026-09-26T06:58:19.936+0000] {subprocess.py:93} INFO - [0m06:58:19  1 of 2 OK created sql view model ecommerce_db.stg_tiki_products ................ [[32mSUCCESS 0[0m in 3.57s]
[2026-09-26T06:58:19.940+0000] {subprocess.py:93} INFO - [0m06:58:19  2 of 2 START sql table model ecommerce_db.fct_seller_summary ................... [RUN]
[2026-09-26T06:58:23.677+0000] {subprocess.py:93} INFO - [0m06:58:23  2 of 2 OK created sql table model ecommerce_db.fct_seller_summary .............. [[32mSUCCESS 1[0m in 3.73s]
[2026-09-26T06:58:25.050+0000] {subprocess.py:93} INFO - [0m06:58:25
[2026-09-26T06:58:25.052+0000] {subprocess.py:93} INFO - [0m06:58:25  Finished running 1 view model, 1 table model in 0 hours 0 minutes and 12.85 seconds (12.85s).
[2026-09-26T06:58:25.065+0000] {subprocess.py:93} INFO - [0m06:58:25
[2026-09-26T06:58:25.066+0000] {subprocess.py:93} INFO - [0m06:58:25  [32mCompleted successfully[0m
[2026-09-26T06:58:25.067+0000] {subprocess.py:93} INFO - [0m06:58:25
[2026-09-26T06:58:25.068+0000] {subprocess.py:93} INFO - [0m06:58:25  Done. PASS=2 WARN=0 ERROR=0 SKIP=0 TOTAL=2
[2026-09-26T06:58:26.628+0000] {subprocess.py:97} INFO - Command exited with return code 0
[2026-09-26T06:58:26.668+0000] {taskinstance.py:1138} INFO - Marking task as SUCCESS. dag_id=tiki_end_to_end_pipeline, task_id=dbt_run_transform, execution_date=20260926T065756, start_date=20260926T065807, end_date=20260926T065826
[2026-09-26T06:58:26.700+0000] {local_task_job_runner.py:234} INFO - Task exited with return code 0
[2026-09-26T06:58:26.728+0000] {taskinstance.py:3280} INFO - 1 downstream tasks scheduled from follow-on schedule check
